[INFO] Scanning for projects...
[INFO] 
[INFO] -------------------< com.poo.practica:poo-practica >--------------------
[INFO] Building poo-practica 1.0-SNAPSHOT
[INFO]   from pom.xml
[INFO] --------------------------------[ jar ]---------------------------------
[INFO] 
[INFO] --- clean:3.2.0:clean (default-clean) @ poo-practica ---
[INFO] Deleting C:\Users\yerid\Documents\Proyectos\practica java\poo-practica\build
[INFO] ------------------------------------------------------------------------
[INFO] BUILD FAILURE
[INFO] ------------------------------------------------------------------------
[INFO] Total time:  1.658 s
[INFO] Finished at: 2026-02-26T11:41:18-05:00
[INFO] ------------------------------------------------------------------------
[ERROR] Failed to execute goal org.apache.maven.plugins:maven-clean-plugin:3.2.0:clean (default-clean) on project poo-practica: Failed to clean project: Failed to delete C:\Users\yerid\Documents\Proyectos\practica java\poo-practica\build\poo-practica-1.0-SNAPSHOT.jar -> [Help 1]
[ERROR] 
[ERROR] To see the full stack trace of the errors, re-run Maven with the -e switch.
[ERROR] Re-run Maven using the -X switch to enable full debug logging.
[ERROR] 
[ERROR] For more information about the errors and possible solutions, please read the following articles:
[ERROR] [Help 1] http://cwiki.apache.org/confluence/display/MAVEN/MojoExecutionException
